// Jest Snapshot v1, https://goo.gl/fbAQLP

exports[`Pruebas en <CounterApp /> debe de mostrar <CounterApp /> correctamente 1`] = `
<Fragment>
  <h1>
    CounterApp
  </h1>
  <h2>
    5
  </h2>
  <button
    onClick={[Function]}
  >
    -1
  </button>
  <button
    onClick={[Function]}
  >
    Reset
  </button>
  <button
    onClick={[Function]}
  >
    +1
  </button>
</Fragment>
`;

exports[`Pruebas en <CounterApp /> debe de mostrar <CounterApp /> correctamente y el valor por defecto 100 1`] = `
<Fragment>
  <h1>
    CounterApp
  </h1>
  <h2>
    5
  </h2>
  <button
    onClick={[Function]}
  >
    -1
  </button>
  <button
    onClick={[Function]}
  >
    Reset
  </button>
  <button
    onClick={[Function]}
  >
    +1
  </button>
</Fragment>
`;

exports[`Pruebas en <CounterApp /> debe de mostrar <CounterApp /> correctamente y su valor por defecto 1`] = `
<Fragment>
  <h1>
    CounterApp
  </h1>
  <h2>
    5
  </h2>
  <button
    onClick={[Function]}
  >
    -1
  </button>
  <button
    onClick={[Function]}
  >
    Reset
  </button>
  <button
    onClick={[Function]}
  >
    +1
  </button>
</Fragment>
`;
